// Jest Snapshot v1, https://goo.gl/fbAQLP

exports[`loads and displays auth form 1`] = `
<DocumentFragment>
  <div
    class="MuiGrid-root makeStyles-root-1 MuiGrid-container MuiGrid-align-items-xs-center MuiGrid-justify-xs-center"
  >
    <div
      class="MuiPaper-root MuiPaper-elevation1 makeStyles-paper-2 MuiPaper-rounded"
    >
      <h6
        style="text-align: center; color: rgb(255, 255, 255); font-size: 15px;"
      >
        SETTINGS
      </h6>
      <div
        class="makeStyles-tabs-4"
      >
        <div
          class="MuiTabs-root"
        >
          <div
            class="MuiTabs-scroller MuiTabs-fixed"
            style="overflow: hidden;"
          >
            <div
              class="MuiTabs-flexContainer"
              role="tablist"
            >
              <button
                aria-controls="full-width-tabpanel-0"
                aria-selected="true"
                class="MuiButtonBase-root MuiTab-root MuiTab-textColorSecondary makeStyles-Mui-selected-5 Mui-selected MuiTab-fullWidth"
                id="full-width-tab-0"
                role="tab"
                tabindex="0"
                type="button"
              >
                <span
                  class="MuiTab-wrapper"
                >
                  LOGIN
                </span>
                <span
                  class="MuiTouchRipple-root"
                />
              </button>
              <button
                aria-controls="full-width-tabpanel-1"
                aria-selected="false"
                class="MuiButtonBase-root MuiTab-root MuiTab-textColorSecondary makeStyles-Mui-selected-5 MuiTab-fullWidth"
                id="full-width-tab-1"
                role="tab"
                tabindex="0"
                type="button"
              >
                <span
                  class="MuiTab-wrapper"
                >
                  REGISTER
                </span>
                <span
                  class="MuiTouchRipple-root"
                />
              </button>
            </div>
            <span
              class="PrivateTabIndicator-root-160 PrivateTabIndicator-colorSecondary-162 MuiTabs-indicator"
              style="left: 0px; width: 0px;"
            />
          </div>
        </div>
        <div
          aria-labelledby="full-width-tab-0"
          class="MuiTypography-root MuiTypography-body1"
          dir="ltr"
          id="full-width-tabpanel-0"
          role="tabpanel"
        >
          <div
            class="MuiBox-root MuiBox-root-195"
          >
            <form
              novalidate=""
            >
              <div
                class="form-group"
              >
                <label
                  class="mylabel"
                  for="email-login"
                >
                  EMAIL
                </label>
                <input
                  class="form-control form-control-lg myinputclass"
                  id="email-login"
                  type="email"
                />
              </div>
              <div
                class="form-group"
              >
                <label
                  class="mylabel"
                  for="password-login"
                >
                  PASSWORD
                </label>
                <input
                  class="form-control form-control-lg myinputclass"
                  id="password-login"
                  type="password"
                />
              </div>
              <button
                class="MuiButtonBase-root MuiButton-root WithStyles(ForwardRef(Button))-root-198 MuiButton-text"
                tabindex="0"
                type="submit"
              >
                <span
                  class="MuiButton-label WithStyles(ForwardRef(Button))-label-199"
                >
                  SIGN IN
                </span>
                <span
                  class="MuiTouchRipple-root"
                />
              </button>
            </form>
          </div>
        </div>
        <div
          aria-labelledby="full-width-tab-1"
          class="MuiTypography-root MuiTypography-body1"
          dir="ltr"
          hidden=""
          id="full-width-tabpanel-1"
          role="tabpanel"
        >
          <div
            class="MuiBox-root MuiBox-root-228"
          >
            <form
              novalidate=""
            >
              <div
                class="form-group"
              >
                <label
                  class="mylabel"
                  for="email-register"
                >
                  EMAIL
                </label>
                <input
                  class="form-control form-control-lg myinputclass"
                  id="email-register"
                  type="email"
                />
              </div>
              <div
                class="form-group"
              >
                <label
                  class="mylabel"
                  for="phone-register"
                >
                  PHONE
                </label>
                <input
                  class="form-control form-control-lg myinputclass"
                  id="phone-register"
                  type="phone"
                />
              </div>
              <div
                class="form-group"
              >
                <label
                  class="mylabel"
                  for="password-register"
                >
                  PASSWORD
                </label>
                <input
                  class="form-control form-control-lg myinputclass"
                  id="password-register"
                  type="password"
                />
              </div>
              <div
                class="form-group"
              >
                <label
                  class="mylabel"
                  for="confirm password-register"
                >
                  CONFIRM PASSWORD
                </label>
                <input
                  class="form-control form-control-lg myinputclass"
                  id="confirm password-register"
                  type="password"
                />
              </div>
              <button
                class="MuiButtonBase-root MuiButton-root WithStyles(ForwardRef(Button))-root-198 MuiButton-text"
                tabindex="0"
                type="submit"
              >
                <span
                  class="MuiButton-label WithStyles(ForwardRef(Button))-label-199"
                >
                  REGISTER
                </span>
                <span
                  class="MuiTouchRipple-root"
                />
              </button>
            </form>
          </div>
        </div>
        <h6
          class="text-center"
          style="text-align: center; color: rgb(115, 115, 117); font-size: 14px; font-family: FuturaPTDemi; margin-top: 18px; margin-bottom: 0px;"
        >
          Forgot Password
        </h6>
      </div>
    </div>
  </div>
</DocumentFragment>
`;
